2025-07-30 14:21:23 | INFO     | 开始生成股票分析报告...
2025-07-30 14:21:23 | INFO     | 获取股票数据并进行技术分析...
2025-07-30 14:21:23 | INFO     | Processed 平安银行(000001)
2025-07-30 14:21:23 | INFO     | Processed 万科A(000002)
2025-07-30 14:21:23 | INFO     | Processed 浦发银行(600000)
2025-07-30 14:21:23 | INFO     | Processed 招商银行(600036)
2025-07-30 14:21:23 | INFO     | Processed 五粮液(000858)
2025-07-30 14:21:23 | INFO     | 成功分析 5 只股票
2025-07-30 14:21:23 | INFO     | 生成分析报告...
2025-07-30 14:21:23 | INFO     | 报告生成完成
2025-07-30 14:23:03 | INFO     | 开始生成股票分析报告...
2025-07-30 14:23:03 | INFO     | 获取股票数据并进行技术分析...
2025-07-30 14:23:03 | INFO     | Processed 平安银行(000001)
2025-07-30 14:23:03 | INFO     | Processed 万科A(000002)
2025-07-30 14:23:03 | INFO     | Processed 浦发银行(600000)
2025-07-30 14:23:03 | INFO     | Processed 招商银行(600036)
2025-07-30 14:23:03 | INFO     | Processed 五粮液(000858)
2025-07-30 14:23:03 | INFO     | 成功分析 5 只股票
2025-07-30 14:23:03 | INFO     | 生成分析报告...
2025-07-30 14:23:03 | INFO     | 报告生成完成
